ASxxxx Linker V03.00 + NoICE + sdld,  page 1.
Hexadecimal  [32-Bits]

Area                                    Addr        Size        Decimal Bytes (Attributes)
--------------------------------        ----        ----        ------- ----- ------------
CABS                                00000000    00000000 =           0. bytes (ABS,CON,CODE)

      Value  Global                              Global Defined In Module
      -----  --------------------------------   ------------------------
C:   00000000  l_BIT_BANK                      
C:   00000000  l_BSEG                          
C:   00000000  l_BSEG_BYTES                    
C:   00000000  l_CABS                          
C:   00000000  l_GSINIT                        
C:   00000000  l_GSINIT1                       
C:   00000000  l_GSINIT5                       
C:   00000000  l_IABS                          
C:   00000000  l_ISEG                          
C:   00000000  l_PSEG                          
C:   00000000  l_REG_BANK_1                    
C:   00000000  l_REG_BANK_2                    
C:   00000000  l_REG_BANK_3                    
C:   00000000  l_RSEG                          
C:   00000000  l_RSEG0                         
C:   00000000  l_RSEG1                         
C:   00000000  l_XABS                          
C:   00000000  l__CODE                         
C:   00000000  s_BSEG                          
C:   00000000  s_CABS                          
C:   00000000  s_DSEG                          
C:   00000000  s_IABS                          
C:   00000000  s_ISEG                          
C:   00000000  s_REG_BANK_0                    
C:   00000000  s_RSEG                          
C:   00000000  s_RSEG0                         
C:   00000000  s_RSEG1                         
C:   00000000  s_XABS                          
C:   00000001  l_OSEG                          
C:   00000003  l_GSFINAL                       
C:   00000003  l_GSINIT0                       
C:   00000008  l_REG_BANK_0                    
C:   00000008  s_REG_BANK_1                    
C:   0000000A  l_GSINIT2                       
C:   00000010  l_XINIT                         
C:   00000010  l_XISEG                         
C:   00000010  s_REG_BANK_2                    
C:   00000011  l_HOME                          
C:   00000013  s_OSEG                          
C:   00000014  s_SSEG                          
C:   00000018  s_BIT_BANK                      
C:   00000018  s_REG_BANK_3                    
C:   00000020  s_BSEG_BYTES                    
C:   00000020  s__CODE                         
C:   00000022  l_GSINIT3                       
C:   0000002A  l_GSINIT4                       
C:   00000080  l_DSEG                          
C:   0000009D  l_XSEG                          
C:   000000EC  l_SSEG                          
C:   00000100  l_IRAM                          
ASxxxx Linker V03.00 + NoICE + sdld,  page 2.
Hexadecimal  [32-Bits]

Area                                    Addr        Size        Decimal Bytes (Attributes)
--------------------------------        ----        ----        ------- ----- ------------
CABS                                00000000    00000000 =           0. bytes (ABS,CON,CODE)

      Value  Global                              Global Defined In Module
      -----  --------------------------------   ------------------------
C:   00000400  s_PSEG                          
C:   00000400  s_XSEG                          
C:   00000491  l_CONST                         
C:   0000049D  s_XISEG                         
C:   000017FE  l_CSEG                          
C:   00002200  s_HOME                          
C:   00002211  s_GSINIT0                       
C:   00002214  s_GSINIT1                       
C:   00002214  s_GSINIT2                       
C:   0000221E  s_GSINIT3                       
C:   00002240  s_GSINIT4                       
C:   0000226A  s_GSFINAL                       
C:   0000226A  s_GSINIT                        
C:   0000226A  s_GSINIT5                       
C:   0000226D  s_CSEG                          
C:   00003A6B  s_CONST                         
C:   00003EFC  s_XINIT                         

ASxxxx Linker V03.00 + NoICE + sdld,  page 3.
Hexadecimal  [32-Bits]

Area                                    Addr        Size        Decimal Bytes (Attributes)
--------------------------------        ----        ----        ------- ----- ------------
.  .ABS.                            00000000    00000000 =           0. bytes (ABS,CON)

      Value  Global                              Global Defined In Module
      -----  --------------------------------   ------------------------
     00000000  .__.ABS.                           _startup
     00000080  G$P0$0_0$0                         UART
     00000080  G$P0_0$0_0$0                       UART
     00000080  _P0                                UART
     00000080  _P0_0                              UART
     00000081  G$P0_1$0_0$0                       UART
     00000081  G$SP$0_0$0                         UART
     00000081  _P0_1                              UART
     00000081  _SP                                UART
     00000082  G$DPL$0_0$0                        UART
     00000082  G$P0_2$0_0$0                       UART
     00000082  _DPL                               UART
     00000082  _P0_2                              UART
     00000083  G$DPH$0_0$0                        UART
     00000083  G$P0_3$0_0$0                       UART
     00000083  _DPH                               UART
     00000083  _P0_3                              UART
     00000084  G$P0_4$0_0$0                       UART
     00000084  _P0_4                              UART
     00000085  G$P0_5$0_0$0                       UART
     00000085  _P0_5                              UART
     00000086  G$P0_6$0_0$0                       UART
     00000086  _P0_6                              UART
     00000087  G$P0_7$0_0$0                       UART
     00000087  G$PCON$0_0$0                       UART
     00000087  _P0_7                              UART
     00000087  _PCON                              UART
     00000088  G$IT0$0_0$0                        UART
     00000088  G$TCON$0_0$0                       UART
     00000088  _IT0                               UART
     00000088  _TCON                              UART
     00000089  G$IE0$0_0$0                        UART
     00000089  G$TMOD$0_0$0                       UART
     00000089  _IE0                               UART
     00000089  _TMOD                              UART
     0000008A  G$IT1$0_0$0                        UART
     0000008A  G$TL0$0_0$0                        UART
     0000008A  _IT1                               UART
     0000008A  _TL0                               UART
     0000008B  G$IE1$0_0$0                        UART
     0000008B  G$TL1$0_0$0                        UART
     0000008B  _IE1                               UART
     0000008B  _TL1                               UART
     0000008C  G$TH0$0_0$0                        UART
     0000008C  G$TR0$0_0$0                        UART
     0000008C  _TH0                               UART
     0000008C  _TR0                               UART
     0000008D  G$TF0$0_0$0                        UART
     0000008D  G$TH1$0_0$0                        UART
     0000008D  _TF0                               UART
ASxxxx Linker V03.00 + NoICE + sdld,  page 4.
Hexadecimal  [32-Bits]

Area                                    Addr        Size        Decimal Bytes (Attributes)
--------------------------------        ----        ----        ------- ----- ------------
.  .ABS.                            00000000    00000000 =           0. bytes (ABS,CON)

      Value  Global                              Global Defined In Module
      -----  --------------------------------   ------------------------
     0000008D  _TH1                               UART
     0000008E  G$AUXR$0_0$0                       UART
     0000008E  G$TR1$0_0$0                        UART
     0000008E  _AUXR                              UART
     0000008E  _TR1                               UART
     0000008F  G$CKCON0$0_0$0                     UART
     0000008F  G$TF1$0_0$0                        UART
     0000008F  _CKCON0                            UART
     0000008F  _TF1                               UART
     00000090  G$P1$0_0$0                         UART
     00000090  G$P1_0$0_0$0                       UART
     00000090  _P1                                UART
     00000090  _P1_0                              UART
     00000091  G$P1_1$0_0$0                       UART
     00000091  _P1_1                              UART
     00000092  G$P1_2$0_0$0                       UART
     00000092  _P1_2                              UART
     00000093  G$P1_3$0_0$0                       UART
     00000093  _P1_3                              UART
     00000094  G$P1_4$0_0$0                       UART
     00000094  _P1_4                              UART
     00000095  G$P1_5$0_0$0                       UART
     00000095  _P1_5                              UART
     00000096  G$P1_6$0_0$0                       UART
     00000096  _P1_6                              UART
     00000097  G$CKRL$0_0$0                       UART
     00000097  G$P1_7$0_0$0                       UART
     00000097  _CKRL                              UART
     00000097  _P1_7                              UART
     00000098  G$RI$0_0$0                         UART
     00000098  G$SCON$0_0$0                       UART
     00000098  _RI                                UART
     00000098  _SCON                              UART
     00000099  G$SBUF$0_0$0                       UART
     00000099  G$TI$0_0$0                         UART
     00000099  _SBUF                              UART
     00000099  _TI                                UART
     0000009A  G$BRL$0_0$0                        UART
     0000009A  G$RB8$0_0$0                        UART
     0000009A  _BRL                               UART
     0000009A  _RB8                               UART
     0000009B  G$BDRCON$0_0$0                     UART
     0000009B  G$TB8$0_0$0                        UART
     0000009B  _BDRCON                            UART
     0000009B  _TB8                               UART
     0000009C  G$KBLS$0_0$0                       UART
     0000009C  G$REN$0_0$0                        UART
     0000009C  _KBLS                              UART
     0000009C  _REN                               UART
     0000009D  G$KBE$0_0$0                        UART
     0000009D  G$SM2$0_0$0                        UART
ASxxxx Linker V03.00 + NoICE + sdld,  page 5.
Hexadecimal  [32-Bits]

Area                                    Addr        Size        Decimal Bytes (Attributes)
--------------------------------        ----        ----        ------- ----- ------------
.  .ABS.                            00000000    00000000 =           0. bytes (ABS,CON)

      Value  Global                              Global Defined In Module
      -----  --------------------------------   ------------------------
     0000009D  _KBE                               UART
     0000009D  _SM2                               UART
     0000009E  G$KBF$0_0$0                        UART
     0000009E  G$SM1$0_0$0                        UART
     0000009E  _KBF                               UART
     0000009E  _SM1                               UART
     0000009F  G$SM0$0_0$0                        UART
     0000009F  _SM0                               UART
     000000A0  G$P2$0_0$0                         UART
     000000A0  G$P2_0$0_0$0                       UART
     000000A0  _P2                                UART
     000000A0  _P2_0                              UART
     000000A0  __XPAGE                            
     000000A1  G$P2_1$0_0$0                       UART
     000000A1  _P2_1                              UART
     000000A2  G$AUXR1$0_0$0                      UART
     000000A2  G$P2_2$0_0$0                       UART
     000000A2  _AUXR1                             UART
     000000A2  _P2_2                              UART
     000000A3  G$P2_3$0_0$0                       UART
     000000A3  _P2_3                              UART
     000000A4  G$P2_4$0_0$0                       UART
     000000A4  _P2_4                              UART
     000000A5  G$P2_5$0_0$0                       UART
     000000A5  _P2_5                              UART
     000000A6  G$P2_6$0_0$0                       UART
     000000A6  G$WDTRST$0_0$0                     UART
     000000A6  _P2_6                              UART
     000000A6  _WDTRST                            UART
     000000A7  G$P2_7$0_0$0                       UART
     000000A7  G$WDTPRG$0_0$0                     UART
     000000A7  _P2_7                              UART
     000000A7  _WDTPRG                            UART
     000000A8  G$EX0$0_0$0                        UART
     000000A8  G$IE$0_0$0                         UART
     000000A8  G$IEN0$0_0$0                       UART
     000000A8  _EX0                               UART
     000000A8  _IE                                UART
     000000A8  _IEN0                              UART
     000000A9  G$ET0$0_0$0                        UART
     000000A9  G$SADDR$0_0$0                      UART
     000000A9  _ET0                               UART
     000000A9  _SADDR                             UART
     000000AA  G$EX1$0_0$0                        UART
     000000AA  _EX1                               UART
     000000AB  G$ET1$0_0$0                        UART
     000000AB  _ET1                               UART
     000000AC  G$ES$0_0$0                         UART
     000000AC  _ES                                UART
     000000AD  G$ET2$0_0$0                        UART
     000000AD  _ET2                               UART
ASxxxx Linker V03.00 + NoICE + sdld,  page 6.
Hexadecimal  [32-Bits]

Area                                    Addr        Size        Decimal Bytes (Attributes)
--------------------------------        ----        ----        ------- ----- ------------
.  .ABS.                            00000000    00000000 =           0. bytes (ABS,CON)

      Value  Global                              Global Defined In Module
      -----  --------------------------------   ------------------------
     000000AE  G$EC$0_0$0                         UART
     000000AE  _EC                                UART
     000000AF  G$CKCON1$0_0$0                     UART
     000000AF  G$EA$0_0$0                         UART
     000000AF  _CKCON1                            UART
     000000AF  _EA                                UART
     000000B0  G$P3$0_0$0                         UART
     000000B0  G$P3_0$0_0$0                       UART
     000000B0  G$RXD$0_0$0                        UART
     000000B0  _P3                                UART
     000000B0  _P3_0                              UART
     000000B0  _RXD                               UART
     000000B1  G$IEN1$0_0$0                       UART
     000000B1  G$P3_1$0_0$0                       UART
     000000B1  G$TXD$0_0$0                        UART
     000000B1  _IEN1                              UART
     000000B1  _P3_1                              UART
     000000B1  _TXD                               UART
     000000B2  G$INT0$0_0$0                       UART
     000000B2  G$IPL1$0_0$0                       UART
     000000B2  G$P3_2$0_0$0                       UART
     000000B2  _INT0                              UART
     000000B2  _IPL1                              UART
     000000B2  _P3_2                              UART
     000000B3  G$INT1$0_0$0                       UART
     000000B3  G$IPH1$0_0$0                       UART
     000000B3  G$P3_3$0_0$0                       UART
     000000B3  _INT1                              UART
     000000B3  _IPH1                              UART
     000000B3  _P3_3                              UART
     000000B4  G$P3_4$0_0$0                       UART
     000000B4  G$T0$0_0$0                         UART
     000000B4  _P3_4                              UART
     000000B4  _T0                                UART
     000000B5  G$P3_5$0_0$0                       UART
     000000B5  G$T1$0_0$0                         UART
     000000B5  _P3_5                              UART
     000000B5  _T1                                UART
     000000B6  G$P3_6$0_0$0                       UART
     000000B6  G$WR$0_0$0                         UART
     000000B6  _P3_6                              UART
     000000B6  _WR                                UART
     000000B7  G$IPH0$0_0$0                       UART
     000000B7  G$P3_7$0_0$0                       UART
     000000B7  G$RD$0_0$0                         UART
     000000B7  _IPH0                              UART
     000000B7  _P3_7                              UART
     000000B7  _RD                                UART
     000000B8  G$IP$0_0$0                         UART
     000000B8  G$IPL0$0_0$0                       UART
     000000B8  G$PX0$0_0$0                        UART
ASxxxx Linker V03.00 + NoICE + sdld,  page 7.
Hexadecimal  [32-Bits]

Area                                    Addr        Size        Decimal Bytes (Attributes)
--------------------------------        ----        ----        ------- ----- ------------
.  .ABS.                            00000000    00000000 =           0. bytes (ABS,CON)

      Value  Global                              Global Defined In Module
      -----  --------------------------------   ------------------------
     000000B8  G$PX0L$0_0$0                       UART
     000000B8  _IP                                UART
     000000B8  _IPL0                              UART
     000000B8  _PX0                               UART
     000000B8  _PX0L                              UART
     000000B9  G$PT0$0_0$0                        UART
     000000B9  G$PT0L$0_0$0                       UART
     000000B9  G$SADEN$0_0$0                      UART
     000000B9  _PT0                               UART
     000000B9  _PT0L                              UART
     000000B9  _SADEN                             UART
     000000BA  G$PX1$0_0$0                        UART
     000000BA  G$PX1L$0_0$0                       UART
     000000BA  _PX1                               UART
     000000BA  _PX1L                              UART
     000000BB  G$PT1$0_0$0                        UART
     000000BB  G$PT1L$0_0$0                       UART
     000000BB  _PT1                               UART
     000000BB  _PT1L                              UART
     000000BC  G$PS$0_0$0                         UART
     000000BC  G$PSL$0_0$0                        UART
     000000BC  _PS                                UART
     000000BC  _PSL                               UART
     000000BD  G$PT2$0_0$0                        UART
     000000BD  G$PT2L$0_0$0                       UART
     000000BD  _PT2                               UART
     000000BD  _PT2L                              UART
     000000BE  G$PPCL$0_0$0                       UART
     000000BE  _PPCL                              UART
     000000C0  G$P4$0_0$0                         UART
     000000C0  G$P4_0$0_0$0                       UART
     000000C0  _P4                                UART
     000000C0  _P4_0                              UART
     000000C1  G$P4_1$0_0$0                       UART
     000000C1  _P4_1                              UART
     000000C2  G$P4_2$0_0$0                       UART
     000000C2  _P4_2                              UART
     000000C3  G$P4_3$0_0$0                       UART
     000000C3  G$SPCON$0_0$0                      UART
     000000C3  _P4_3                              UART
     000000C3  _SPCON                             UART
     000000C4  G$P4_4$0_0$0                       UART
     000000C4  G$SPSTA$0_0$0                      UART
     000000C4  _P4_4                              UART
     000000C4  _SPSTA                             UART
     000000C5  G$P4_5$0_0$0                       UART
     000000C5  G$SPDAT$0_0$0                      UART
     000000C5  _P4_5                              UART
     000000C5  _SPDAT                             UART
     000000C6  G$P4_6$0_0$0                       UART
     000000C6  _P4_6                              UART
ASxxxx Linker V03.00 + NoICE + sdld,  page 8.
Hexadecimal  [32-Bits]

Area                                    Addr        Size        Decimal Bytes (Attributes)
--------------------------------        ----        ----        ------- ----- ------------
.  .ABS.                            00000000    00000000 =           0. bytes (ABS,CON)

      Value  Global                              Global Defined In Module
      -----  --------------------------------   ------------------------
     000000C7  G$P4_7$0_0$0                       UART
     000000C7  _P4_7                              UART
     000000C8  G$CP_RL2$0_0$0                     UART
     000000C8  G$T2CON$0_0$0                      UART
     000000C8  G$T2CON_0$0_0$0                    UART
     000000C8  _CP_RL2                            UART
     000000C8  _T2CON                             UART
     000000C8  _T2CON_0                           UART
     000000C9  G$C_T2$0_0$0                       UART
     000000C9  G$T2CON_1$0_0$0                    UART
     000000C9  G$T2MOD$0_0$0                      UART
     000000C9  _C_T2                              UART
     000000C9  _T2CON_1                           UART
     000000C9  _T2MOD                             UART
     000000CA  G$RCAP2L$0_0$0                     UART
     000000CA  G$T2CON_2$0_0$0                    UART
     000000CA  G$TR2$0_0$0                        UART
     000000CA  _RCAP2L                            UART
     000000CA  _T2CON_2                           UART
     000000CA  _TR2                               UART
     000000CB  G$EXEN2$0_0$0                      UART
     000000CB  G$RCAP2H$0_0$0                     UART
     000000CB  G$T2CON_3$0_0$0                    UART
     000000CB  _EXEN2                             UART
     000000CB  _RCAP2H                            UART
     000000CB  _T2CON_3                           UART
     000000CC  G$T2CON_4$0_0$0                    UART
     000000CC  G$TCLK$0_0$0                       UART
     000000CC  G$TL2$0_0$0                        UART
     000000CC  _T2CON_4                           UART
     000000CC  _TCLK                              UART
     000000CC  _TL2                               UART
     000000CD  G$RCLK$0_0$0                       UART
     000000CD  G$T2CON_5$0_0$0                    UART
     000000CD  G$TH2$0_0$0                        UART
     000000CD  _RCLK                              UART
     000000CD  _T2CON_5                           UART
     000000CD  _TH2                               UART
     000000CE  G$EXF2$0_0$0                       UART
     000000CE  G$T2CON_6$0_0$0                    UART
     000000CE  _EXF2                              UART
     000000CE  _T2CON_6                           UART
     000000CF  G$T2CON_7$0_0$0                    UART
     000000CF  G$TF2$0_0$0                        UART
     000000CF  _T2CON_7                           UART
     000000CF  _TF2                               UART
     000000D0  G$P$0_0$0                          UART
     000000D0  G$PSW$0_0$0                        UART
     000000D0  _P                                 UART
     000000D0  _PSW                               UART
     000000D1  G$F1$0_0$0                         UART
ASxxxx Linker V03.00 + NoICE + sdld,  page 9.
Hexadecimal  [32-Bits]

Area                                    Addr        Size        Decimal Bytes (Attributes)
--------------------------------        ----        ----        ------- ----- ------------
.  .ABS.                            00000000    00000000 =           0. bytes (ABS,CON)

      Value  Global                              Global Defined In Module
      -----  --------------------------------   ------------------------
     000000D1  _F1                                UART
     000000D2  G$EECON$0_0$0                      UART
     000000D2  G$OV$0_0$0                         UART
     000000D2  _EECON                             UART
     000000D2  _OV                                UART
     000000D3  G$RS0$0_0$0                        UART
     000000D3  _RS0                               UART
     000000D4  G$RS1$0_0$0                        UART
     000000D4  _RS1                               UART
     000000D5  G$F0$0_0$0                         UART
     000000D5  _F0                                UART
     000000D6  G$AC$0_0$0                         UART
     000000D6  _AC                                UART
     000000D7  G$CY$0_0$0                         UART
     000000D7  _CY                                UART
     000000D8  G$CCF0$0_0$0                       UART
     000000D8  G$CCON$0_0$0                       UART
     000000D8  _CCF0                              UART
     000000D8  _CCON                              UART
     000000D9  G$CCF1$0_0$0                       UART
     000000D9  G$CMOD$0_0$0                       UART
     000000D9  _CCF1                              UART
     000000D9  _CMOD                              UART
     000000DA  G$CCAPM0$0_0$0                     UART
     000000DA  G$CCF2$0_0$0                       UART
     000000DA  _CCAPM0                            UART
     000000DA  _CCF2                              UART
     000000DB  G$CCAPM1$0_0$0                     UART
     000000DB  G$CCF3$0_0$0                       UART
     000000DB  _CCAPM1                            UART
     000000DB  _CCF3                              UART
     000000DC  G$CCAPM2$0_0$0                     UART
     000000DC  G$CCF4$0_0$0                       UART
     000000DC  _CCAPM2                            UART
     000000DC  _CCF4                              UART
     000000DD  G$CCAPM3$0_0$0                     UART
     000000DD  _CCAPM3                            UART
     000000DE  G$CCAPM4$0_0$0                     UART
     000000DE  G$CR$0_0$0                         UART
     000000DE  _CCAPM4                            UART
     000000DE  _CR                                UART
     000000DF  G$CF$0_0$0                         UART
     000000DF  _CF                                UART
     000000E0  G$ACC$0_0$0                        UART
     000000E0  _ACC                               UART
     000000E8  G$P5$0_0$0                         UART
     000000E8  G$P5_0$0_0$0                       UART
     000000E8  _P5                                UART
     000000E8  _P5_0                              UART
     000000E9  G$CL$0_0$0                         UART
     000000E9  G$P5_1$0_0$0                       UART
ASxxxx Linker V03.00 + NoICE + sdld,  page 10.
Hexadecimal  [32-Bits]

Area                                    Addr        Size        Decimal Bytes (Attributes)
--------------------------------        ----        ----        ------- ----- ------------
.  .ABS.                            00000000    00000000 =           0. bytes (ABS,CON)

      Value  Global                              Global Defined In Module
      -----  --------------------------------   ------------------------
     000000E9  _CL                                UART
     000000E9  _P5_1                              UART
     000000EA  G$CCAP0L$0_0$0                     UART
     000000EA  G$P5_2$0_0$0                       UART
     000000EA  _CCAP0L                            UART
     000000EA  _P5_2                              UART
     000000EB  G$CCAP1L$0_0$0                     UART
     000000EB  G$P5_3$0_0$0                       UART
     000000EB  _CCAP1L                            UART
     000000EB  _P5_3                              UART
     000000EC  G$CCAP2L$0_0$0                     UART
     000000EC  G$P5_4$0_0$0                       UART
     000000EC  _CCAP2L                            UART
     000000EC  _P5_4                              UART
     000000ED  G$CCAP3L$0_0$0                     UART
     000000ED  G$P5_5$0_0$0                       UART
     000000ED  _CCAP3L                            UART
     000000ED  _P5_5                              UART
     000000EE  G$CCAP4L$0_0$0                     UART
     000000EE  G$P5_6$0_0$0                       UART
     000000EE  _CCAP4L                            UART
     000000EE  _P5_6                              UART
     000000EF  G$P5_7$0_0$0                       UART
     000000EF  _P5_7                              UART
     000000F0  G$B$0_0$0                          UART
     000000F0  _B                                 UART
     000000F5  _B_5                               _gptrget
     000000F6  _B_6                               _gptrget
     000000F7  _B_7                               _gptrget
     000000F9  G$CH$0_0$0                         UART
     000000F9  _CH                                UART
     000000FA  G$CCAP0H$0_0$0                     UART
     000000FA  _CCAP0H                            UART
     000000FB  G$CCAP1H$0_0$0                     UART
     000000FB  _CCAP1H                            UART
     000000FC  G$CCAP2H$0_0$0                     UART
     000000FC  _CCAP2H                            UART
     000000FD  G$CCAP3H$0_0$0                     UART
     000000FD  _CCAP3H                            UART
     000000FE  G$CCAP4H$0_0$0                     UART
     000000FE  _CCAP4H                            UART
     0000F000  G$IR_Write$0_0$0                   Timer
     0000F000  _IR_Write                          Timer
     0000F100  G$DR_WRITE$0_0$0                   Timer
     0000F100  _DR_WRITE                          Timer
     0000F200  G$BF_Read$0_0$0                    Timer
     0000F200  G$IR_Read$0_0$0                    LCD_Functions
     0000F200  _BF_Read                           Timer
     0000F200  _IR_Read                           LCD_Functions
     0000F300  G$DR_READ$0_0$0                    Timer
     0000F300  _DR_READ                           Timer

ASxxxx Linker V03.00 + NoICE + sdld,  page 11.
Hexadecimal  [32-Bits]

Area                                    Addr        Size        Decimal Bytes (Attributes)
--------------------------------        ----        ----        ------- ----- ------------
REG_BANK_0                          00000000    00000008 =           8. bytes (REL,OVR)

      Value  Global                              Global Defined In Module
      -----  --------------------------------   ------------------------
ASxxxx Linker V03.00 + NoICE + sdld,  page 12.
Hexadecimal  [32-Bits]

Area                                    Addr        Size        Decimal Bytes (Attributes)
--------------------------------        ----        ----        ------- ----- ------------
DSEG                                00000000    00000080 =         128. bytes (REL,CON)

      Value  Global                              Global Defined In Module
      -----  --------------------------------   ------------------------
     00000008  _bp                                _bp

ASxxxx Linker V03.00 + NoICE + sdld,  page 13.
Hexadecimal  [32-Bits]

Area                                    Addr        Size        Decimal Bytes (Attributes)
--------------------------------        ----        ----        ------- ----- ------------
OSEG                                00000013    00000001 =           1. bytes (REL,OVR)

      Value  Global                              Global Defined In Module
      -----  --------------------------------   ------------------------
ASxxxx Linker V03.00 + NoICE + sdld,  page 14.
Hexadecimal  [32-Bits]

Area                                    Addr        Size        Decimal Bytes (Attributes)
--------------------------------        ----        ----        ------- ----- ------------
SSEG                                00000014    000000EC =         236. bytes (REL,OVR)

      Value  Global                              Global Defined In Module
      -----  --------------------------------   ------------------------
     00000014  __start__stack                     main

ASxxxx Linker V03.00 + NoICE + sdld,  page 15.
Hexadecimal  [32-Bits]

Area                                    Addr        Size        Decimal Bytes (Attributes)
--------------------------------        ----        ----        ------- ----- ------------
XSEG                                00000400    0000009D =         157. bytes (REL,CON,XDATA)

      Value  Global                              Global Defined In Module
      -----  --------------------------------   ------------------------
D:   00000400  LLCD_Functions.delay$time$1_0$25   LCD_Functions
D:   00000404  LLCD_Functions.delay$i$1_0$26      LCD_Functions
D:   00000408  LLCD_Functions.delay$n$1_0$26      LCD_Functions
D:   0000040C  LLCD_Functions.LCD_putch$ch$1_0$   LCD_Functions
D:   0000040D  LLCD_Functions.LCD_putstr$str$1_   LCD_Functions
D:   0000040F  LLCD_Functions.lcd_gotoaddr$addr   LCD_Functions
D:   00000410  LLCD_Functions.lcd_gotoxy$column   LCD_Functions
D:   00000410  _lcd_gotoxy_PARM_2                 LCD_Functions
D:   00000411  LLCD_Functions.lcd_gotoxy$row$1_   LCD_Functions
D:   00000412  LLCD_Functions.ddram_dump$i$1_0$   LCD_Functions
D:   00000413  LLCD_Functions.ddram_dump$j$1_0$   LCD_Functions
D:   00000414  G$hours$0_0$0                      main
D:   00000414  _hours                             main
D:   00000415  Lmain.main$a$1_0$34                main
D:   0000042D  Lmain.main$b$1_0$34                main
D:   00000444  Lmain.main$choice$1_1$35           main
D:   00000445  Lmain.main$row_value$1_1$35        main
D:   00000446  Lmain.main$column1$1_1$35          main
D:   00000447  Lmain.main$column2$1_1$35          main
D:   00000448  Lmain.main$column_value$1_1$35     main
D:   00000449  Lmain.main$choice1$3_2$39          main
D:   0000044A  LTimer.inttostr$a$1_0$11           Timer
D:   0000044B  LTimer.inttostr$b$1_0$12           Timer
D:   0000044E  LUART.putchar$c$1_0$16             UART
D:   00000450  __modsint_PARM_2                   _modsint
D:   00000454  __moduint_PARM_2                   _moduint
D:   00000459  __divsint_PARM_2                   _divsint
D:   0000045D  __divuint_PARM_2                   _divuint
D:   00000464  _vprintf_PARM_2                    vprintf
D:   00000479  __print_format_PARM_2              printf_large
D:   0000047C  __print_format_PARM_3              printf_large
D:   0000047F  __print_format_PARM_4              printf_large
D:   0000049B  __mulint_PARM_2                    _mulint
ASxxxx Linker V03.00 + NoICE + sdld,  page 16.
Hexadecimal  [32-Bits]

Area                                    Addr        Size        Decimal Bytes (Attributes)
--------------------------------        ----        ----        ------- ----- ------------
XISEG                               0000049D    00000010 =          16. bytes (REL,CON,XDATA)

      Value  Global                              Global Defined In Module
      -----  --------------------------------   ------------------------
D:   0000049D  G$column_pos$0_0$0                 LCD_Functions
D:   0000049D  _column_pos                        LCD_Functions
D:   0000049F  G$row_pos$0_0$0                    LCD_Functions
D:   0000049F  _row_pos                           LCD_Functions
D:   000004A1  G$count$0_0$0                      main
D:   000004A1  _count                             main
D:   000004A9  G$flag$0_0$0                       main
D:   000004A9  _flag                              main
D:   000004AA  G$milli$0_0$0                      main
D:   000004AA  _milli                             main
D:   000004AB  G$seconds$0_0$0                    main
D:   000004AB  _seconds                           main
D:   000004AC  G$minutes$0_0$0                    main
D:   000004AC  _minutes                           main

ASxxxx Linker V03.00 + NoICE + sdld,  page 17.
Hexadecimal  [32-Bits]

Area                                    Addr        Size        Decimal Bytes (Attributes)
--------------------------------        ----        ----        ------- ----- ------------
HOME                                00002200    00000011 =          17. bytes (REL,CON,CODE)

      Value  Global                              Global Defined In Module
      -----  --------------------------------   ------------------------
C:   00002200  A$mainDebug\main$746               main
C:   00002203  A$mainDebug\main$747               main
C:   0000220B  A$mainDebug\main$749               main
C:   0000220E  A$mainDebug\main$771               main
C:   0000220E  __sdcc_program_startup             main

ASxxxx Linker V03.00 + NoICE + sdld,  page 18.
Hexadecimal  [32-Bits]

Area                                    Addr        Size        Decimal Bytes (Attributes)
--------------------------------        ----        ----        ------- ----- ------------
GSINIT0                             00002211    00000003 =           3. bytes (REL,CON,CODE)

      Value  Global                              Global Defined In Module
      -----  --------------------------------   ------------------------
C:   00002211  __sdcc_gsinit_startup              

ASxxxx Linker V03.00 + NoICE + sdld,  page 19.
Hexadecimal  [32-Bits]

Area                                    Addr        Size        Decimal Bytes (Attributes)
--------------------------------        ----        ----        ------- ----- ------------
GSINIT2                             00002214    0000000A =          10. bytes (REL,CON,CODE)

      Value  Global                              Global Defined In Module
      -----  --------------------------------   ------------------------
ASxxxx Linker V03.00 + NoICE + sdld,  page 20.
Hexadecimal  [32-Bits]

Area                                    Addr        Size        Decimal Bytes (Attributes)
--------------------------------        ----        ----        ------- ----- ------------
GSINIT3                             0000221E    00000022 =          34. bytes (REL,CON,CODE)

      Value  Global                              Global Defined In Module
      -----  --------------------------------   ------------------------
C:   0000221E  __mcs51_genXINIT                   

ASxxxx Linker V03.00 + NoICE + sdld,  page 21.
Hexadecimal  [32-Bits]

Area                                    Addr        Size        Decimal Bytes (Attributes)
--------------------------------        ----        ----        ------- ----- ------------
GSINIT4                             00002240    0000002A =          42. bytes (REL,CON,CODE)

      Value  Global                              Global Defined In Module
      -----  --------------------------------   ------------------------
C:   00002240  __mcs51_genRAMCLEAR                
C:   00002246  __mcs51_genXRAMCLEAR               

ASxxxx Linker V03.00 + NoICE + sdld,  page 22.
Hexadecimal  [32-Bits]

Area                                    Addr        Size        Decimal Bytes (Attributes)
--------------------------------        ----        ----        ------- ----- ------------
GSFINAL                             0000226A    00000003 =           3. bytes (REL,CON,CODE)

      Value  Global                              Global Defined In Module
      -----  --------------------------------   ------------------------
C:   0000226A  A$mainDebug\main$764               main

ASxxxx Linker V03.00 + NoICE + sdld,  page 23.
Hexadecimal  [32-Bits]

Area                                    Addr        Size        Decimal Bytes (Attributes)
--------------------------------        ----        ----        ------- ----- ------------
CSEG                                0000226D    000017FE =        6142. bytes (REL,CON,CODE)

      Value  Global                              Global Defined In Module
      -----  --------------------------------   ------------------------
C:   0000226D  A$LCD_Functions_Functions$171      LCD_Functions
C:   0000226D  C$LCD_Functions.c$29$0_0$24        LCD_Functions
C:   0000226D  C$LCD_Functions.c$31$1_0$24        LCD_Functions
C:   0000226D  G$lcdbusywait$0$0                  LCD_Functions
C:   0000226D  _lcdbusywait                       LCD_Functions
C:   00002270  A$LCD_Functions_Functions$172      LCD_Functions
C:   00002271  A$LCD_Functions_Functions$173      LCD_Functions
C:   00002274  A$LCD_Functions_Functions$178      LCD_Functions
C:   00002274  C$LCD_Functions.c$33$1_0$24        LCD_Functions
C:   00002274  XG$lcdbusywait$0$0                 LCD_Functions
C:   00002275  A$LCD_Functions_Functions$193      LCD_Functions
C:   00002275  C$LCD_Functions.c$39$1_0$27        LCD_Functions
C:   00002275  G$delay$0$0                        LCD_Functions
C:   00002275  _delay                             LCD_Functions
C:   00002277  A$LCD_Functions_Functions$194      LCD_Functions
C:   00002279  A$LCD_Functions_Functions$195      LCD_Functions
C:   0000227B  A$LCD_Functions_Functions$196      LCD_Functions
C:   0000227C  A$LCD_Functions_Functions$197      LCD_Functions
C:   0000227F  A$LCD_Functions_Functions$198      LCD_Functions
C:   00002280  A$LCD_Functions_Functions$199      LCD_Functions
C:   00002281  A$LCD_Functions_Functions$200      LCD_Functions
C:   00002282  A$LCD_Functions_Functions$201      LCD_Functions
C:   00002283  A$LCD_Functions_Functions$202      LCD_Functions
C:   00002284  A$LCD_Functions_Functions$203      LCD_Functions
C:   00002285  A$LCD_Functions_Functions$204      LCD_Functions
C:   00002286  A$LCD_Functions_Functions$205      LCD_Functions
C:   00002287  A$LCD_Functions_Functions$206      LCD_Functions
C:   00002288  A$LCD_Functions_Functions$207      LCD_Functions
C:   00002289  A$LCD_Functions_Functions$208      LCD_Functions
C:   0000228A  A$LCD_Functions_Functions$211      LCD_Functions
C:   0000228A  C$LCD_Functions.c$41$2_0$27        LCD_Functions
C:   0000228D  A$LCD_Functions_Functions$212      LCD_Functions
C:   0000228E  A$LCD_Functions_Functions$213      LCD_Functions
C:   0000228F  A$LCD_Functions_Functions$214      LCD_Functions
C:   00002290  A$LCD_Functions_Functions$215      LCD_Functions
C:   00002291  A$LCD_Functions_Functions$216      LCD_Functions
C:   00002292  A$LCD_Functions_Functions$217      LCD_Functions
C:   00002293  A$LCD_Functions_Functions$218      LCD_Functions
C:   00002294  A$LCD_Functions_Functions$219      LCD_Functions
C:   00002295  A$LCD_Functions_Functions$222      LCD_Functions
C:   00002295  C$LCD_Functions.c$42$2_0$27        LCD_Functions
C:   00002298  A$LCD_Functions_Functions$223      LCD_Functions
C:   00002299  A$LCD_Functions_Functions$224      LCD_Functions
C:   0000229A  A$LCD_Functions_Functions$225      LCD_Functions
C:   0000229B  A$LCD_Functions_Functions$226      LCD_Functions
C:   0000229C  A$LCD_Functions_Functions$227      LCD_Functions
C:   0000229D  A$LCD_Functions_Functions$228      LCD_Functions
C:   0000229E  A$LCD_Functions_Functions$229      LCD_Functions
C:   0000229F  A$LCD_Functions_Functions$232      LCD_Functions
C:   000022A2  A$LCD_Functions_Functions$233      LCD_Functions
ASxxxx Linker V03.00 + NoICE + sdld,  page 24.
Hexadecimal  [32-Bits]

Area                                    Addr        Size        Decimal Bytes (Attributes)
--------------------------------        ----        ----        ------- ----- ------------
CSEG                                0000226D    000017FE =        6142. bytes (REL,CON,CODE)

      Value  Global                              Global Defined In Module
      -----  --------------------------------   ------------------------
C:   000022A3  A$LCD_Functions_Functions$234      LCD_Functions
C:   000022A4  A$LCD_Functions_Functions$235      LCD_Functions
C:   000022A5  A$LCD_Functions_Functions$236      LCD_Functions
C:   000022A6  A$LCD_Functions_Functions$237      LCD_Functions
C:   000022A7  A$LCD_Functions_Functions$238      LCD_Functions
C:   000022A8  A$LCD_Functions_Functions$239      LCD_Functions
C:   000022A9  A$LCD_Functions_Functions$240      LCD_Functions
C:   000022AC  A$LCD_Functions_Functions$241      LCD_Functions
C:   000022AD  A$LCD_Functions_Functions$242      LCD_Functions
C:   000022AE  A$LCD_Functions_Functions$243      LCD_Functions
C:   000022AF  A$LCD_Functions_Functions$244      LCD_Functions
C:   000022B0  A$LCD_Functions_Functions$245      LCD_Functions
C:   000022B1  A$LCD_Functions_Functions$246      LCD_Functions
C:   000022B2  A$LCD_Functions_Functions$247      LCD_Functions
C:   000022B3  A$LCD_Functions_Functions$248      LCD_Functions
C:   000022B4  A$LCD_Functions_Functions$249      LCD_Functions
C:   000022B5  A$LCD_Functions_Functions$250      LCD_Functions
C:   000022B6  A$LCD_Functions_Functions$251      LCD_Functions
C:   000022B7  A$LCD_Functions_Functions$253      LCD_Functions
C:   000022BA  A$LCD_Functions_Functions$254      LCD_Functions
C:   000022BB  A$LCD_Functions_Functions$255      LCD_Functions
C:   000022BC  A$LCD_Functions_Functions$256      LCD_Functions
C:   000022BD  A$LCD_Functions_Functions$257      LCD_Functions
C:   000022BE  A$LCD_Functions_Functions$258      LCD_Functions
C:   000022BF  A$LCD_Functions_Functions$259      LCD_Functions
C:   000022C0  A$LCD_Functions_Functions$260      LCD_Functions
C:   000022C1  A$LCD_Functions_Functions$261      LCD_Functions
C:   000022C2  A$LCD_Functions_Functions$262      LCD_Functions
C:   000022C3  A$LCD_Functions_Functions$263      LCD_Functions
C:   000022C4  A$LCD_Functions_Functions$264      LCD_Functions
C:   000022C5  A$LCD_Functions_Functions$265      LCD_Functions
C:   000022C6  A$LCD_Functions_Functions$266      LCD_Functions
C:   000022C7  A$LCD_Functions_Functions$267      LCD_Functions
C:   000022C8  A$LCD_Functions_Functions$268      LCD_Functions
C:   000022C9  A$LCD_Functions_Functions$269      LCD_Functions
C:   000022CA  A$LCD_Functions_Functions$270      LCD_Functions
C:   000022CB  A$LCD_Functions_Functions$271      LCD_Functions
C:   000022CC  A$LCD_Functions_Functions$272      LCD_Functions
C:   000022CD  A$LCD_Functions_Functions$273      LCD_Functions
C:   000022CE  A$LCD_Functions_Functions$274      LCD_Functions
C:   000022D0  A$LCD_Functions_Functions$277      LCD_Functions
C:   000022D0  C$LCD_Functions.c$45$4_0$29        LCD_Functions
C:   000022D3  A$LCD_Functions_Functions$278      LCD_Functions
C:   000022D4  A$LCD_Functions_Functions$279      LCD_Functions
C:   000022D5  A$LCD_Functions_Functions$280      LCD_Functions
C:   000022D6  A$LCD_Functions_Functions$281      LCD_Functions
C:   000022D7  A$LCD_Functions_Functions$282      LCD_Functions
C:   000022D8  A$LCD_Functions_Functions$283      LCD_Functions
C:   000022D9  A$LCD_Functions_Functions$284      LCD_Functions
C:   000022DA  A$LCD_Functions_Functions$285      LCD_Functions
C:   000022DB  A$LCD_Functions_Functions$287      LCD_Functions
ASxxxx Linker V03.00 + NoICE + sdld,  page 25.
Hexadecimal  [32-Bits]

Area                                    Addr        Size        Decimal Bytes (Attributes)
--------------------------------        ----        ----        ------- ----- ------------
CSEG                                0000226D    000017FE =        6142. bytes (REL,CON,CODE)

      Value  Global                              Global Defined In Module
      -----  --------------------------------   ------------------------
C:   000022DE  A$LCD_Functions_Functions$288      LCD_Functions
C:   000022DF  A$LCD_Functions_Functions$289      LCD_Functions
C:   000022E0  A$LCD_Functions_Functions$290      LCD_Functions
C:   000022E1  A$LCD_Functions_Functions$291      LCD_Functions
C:   000022E2  A$LCD_Functions_Functions$292      LCD_Functions
C:   000022E3  A$LCD_Functions_Functions$293      LCD_Functions
C:   000022E4  A$LCD_Functions_Functions$294      LCD_Functions
C:   000022E5  A$LCD_Functions_Functions$295      LCD_Functions
C:   000022E6  A$LCD_Functions_Functions$296      LCD_Functions
C:   000022E7  A$LCD_Functions_Functions$297      LCD_Functions
C:   000022E8  A$LCD_Functions_Functions$298      LCD_Functions
C:   000022E9  A$LCD_Functions_Functions$299      LCD_Functions
C:   000022EA  A$LCD_Functions_Functions$300      LCD_Functions
C:   000022EB  A$LCD_Functions_Functions$301      LCD_Functions
C:   000022ED  A$LCD_Functions_Functions$302      LCD_Functions
C:   000022EE  A$LCD_Functions_Functions$303      LCD_Functions
C:   000022F0  A$LCD_Functions_Functions$304      LCD_Functions
C:   000022F1  A$LCD_Functions_Functions$305      LCD_Functions
C:   000022F3  A$LCD_Functions_Functions$306      LCD_Functions
C:   000022F4  A$LCD_Functions_Functions$307      LCD_Functions
C:   000022F6  A$LCD_Functions_Functions$308      LCD_Functions
C:   000022F8  A$LCD_Functions_Functions$309      LCD_Functions
C:   000022FB  A$LCD_Functions_Functions$310      LCD_Functions
C:   000022FC  A$LCD_Functions_Functions$311      LCD_Functions
C:   000022FD  A$LCD_Functions_Functions$312      LCD_Functions
C:   000022FE  A$LCD_Functions_Functions$313      LCD_Functions
C:   000022FF  A$LCD_Functions_Functions$314      LCD_Functions
C:   00002300  A$LCD_Functions_Functions$315      LCD_Functions
C:   00002301  A$LCD_Functions_Functions$316      LCD_Functions
C:   00002302  A$LCD_Functions_Functions$317      LCD_Functions
C:   00002303  A$LCD_Functions_Functions$318      LCD_Functions
C:   00002304  A$LCD_Functions_Functions$319      LCD_Functions
C:   00002305  A$LCD_Functions_Functions$320      LCD_Functions
C:   00002306  A$LCD_Functions_Functions$321      LCD_Functions
C:   00002309  A$LCD_Functions_Functions$322      LCD_Functions
C:   0000230B  A$LCD_Functions_Functions$323      LCD_Functions
C:   0000230C  A$LCD_Functions_Functions$324      LCD_Functions
C:   0000230D  A$LCD_Functions_Functions$325      LCD_Functions
C:   0000230E  A$LCD_Functions_Functions$326      LCD_Functions
C:   0000230F  A$LCD_Functions_Functions$327      LCD_Functions
C:   00002310  A$LCD_Functions_Functions$328      LCD_Functions
C:   00002311  A$LCD_Functions_Functions$329      LCD_Functions
C:   00002312  A$LCD_Functions_Functions$330      LCD_Functions
C:   00002313  A$LCD_Functions_Functions$331      LCD_Functions
C:   00002314  A$LCD_Functions_Functions$332      LCD_Functions
C:   00002315  A$LCD_Functions_Functions$333      LCD_Functions
C:   00002316  A$LCD_Functions_Functions$334      LCD_Functions
C:   00002317  A$LCD_Functions_Functions$335      LCD_Functions
C:   00002318  A$LCD_Functions_Functions$336      LCD_Functions
C:   00002319  A$LCD_Functions_Functions$337      LCD_Functions
C:   0000231B  A$LCD_Functions_Functions$341      LCD_Functions
ASxxxx Linker V03.00 + NoICE + sdld,  page 26.
Hexadecimal  [32-Bits]

Area                                    Addr        Size        Decimal Bytes (Attributes)
--------------------------------        ----        ----        ------- ----- ------------
CSEG                                0000226D    000017FE =        6142. bytes (REL,CON,CODE)

      Value  Global                              Global Defined In Module
      -----  --------------------------------   ------------------------
C:   0000231B  C$LCD_Functions.c$43$2_0$27        LCD_Functions
C:   0000231E  A$LCD_Functions_Functions$342      LCD_Functions
C:   0000231F  A$LCD_Functions_Functions$343      LCD_Functions
C:   00002320  A$LCD_Functions_Functions$344      LCD_Functions
C:   00002321  A$LCD_Functions_Functions$345      LCD_Functions
C:   00002322  A$LCD_Functions_Functions$346      LCD_Functions
C:   00002323  A$LCD_Functions_Functions$347      LCD_Functions
C:   00002324  A$LCD_Functions_Functions$348      LCD_Functions
C:   00002325  A$LCD_Functions_Functions$349      LCD_Functions
C:   00002326  A$LCD_Functions_Functions$350      LCD_Functions
C:   00002327  A$LCD_Functions_Functions$351      LCD_Functions
C:   00002328  A$LCD_Functions_Functions$352      LCD_Functions
C:   00002329  A$LCD_Functions_Functions$353      LCD_Functions
C:   0000232C  A$LCD_Functions_Functions$354      LCD_Functions
C:   0000232E  A$LCD_Functions_Functions$355      LCD_Functions
C:   0000232F  A$LCD_Functions_Functions$356      LCD_Functions
C:   00002330  A$LCD_Functions_Functions$357      LCD_Functions
C:   00002331  A$LCD_Functions_Functions$358      LCD_Functions
C:   00002332  A$LCD_Functions_Functions$359      LCD_Functions
C:   00002333  A$LCD_Functions_Functions$360      LCD_Functions
C:   00002334  A$LCD_Functions_Functions$361      LCD_Functions
C:   00002335  A$LCD_Functions_Functions$362      LCD_Functions
C:   00002336  A$LCD_Functions_Functions$363      LCD_Functions
C:   00002337  A$LCD_Functions_Functions$364      LCD_Functions
C:   00002338  A$LCD_Functions_Functions$365      LCD_Functions
C:   00002339  A$LCD_Functions_Functions$366      LCD_Functions
C:   0000233A  A$LCD_Functions_Functions$367      LCD_Functions
C:   0000233B  A$LCD_Functions_Functions$368      LCD_Functions
C:   0000233C  A$LCD_Functions_Functions$369      LCD_Functions
C:   0000233F  A$LCD_Functions_Functions$375      LCD_Functions
C:   0000233F  C$LCD_Functions.c$50$2_0$27        LCD_Functions
C:   0000233F  XG$delay$0$0                       LCD_Functions
C:   00002340  A$LCD_Functions_Functions$388      LCD_Functions
C:   00002340  C$LCD_Functions.c$56$2_0$32        LCD_Functions
C:   00002340  C$LCD_Functions.c$60$1_0$32        LCD_Functions
C:   00002340  G$LCD_Init$0$0                     LCD_Functions
C:   00002340  _LCD_Init                          LCD_Functions
C:   00002343  A$LCD_Functions_Functions$389      LCD_Functions
C:   00002344  A$LCD_Functions_Functions$390      LCD_Functions
C:   00002346  A$LCD_Functions_Functions$391      LCD_Functions
C:   00002349  A$LCD_Functions_Functions$394      LCD_Functions
C:   00002349  C$LCD_Functions.c$61$1_0$32        LCD_Functions
C:   0000234C  A$LCD_Functions_Functions$395      LCD_Functions
C:   0000234E  A$LCD_Functions_Functions$396      LCD_Functions
C:   0000234F  A$LCD_Functions_Functions$399      LCD_Functions
C:   0000234F  C$LCD_Functions.c$63$1_0$32        LCD_Functions
C:   00002352  A$LCD_Functions_Functions$400      LCD_Functions
C:   00002353  A$LCD_Functions_Functions$401      LCD_Functions
C:   00002355  A$LCD_Functions_Functions$402      LCD_Functions
C:   00002358  A$LCD_Functions_Functions$405      LCD_Functions
C:   00002358  C$LCD_Functions.c$64$1_0$32        LCD_Functions
ASxxxx Linker V03.00 + NoICE + sdld,  page 27.
Hexadecimal  [32-Bits]

Area                                    Addr        Size        Decimal Bytes (Attributes)
--------------------------------        ----        ----        ------- ----- ------------
CSEG                                0000226D    000017FE =        6142. bytes (REL,CON,CODE)

      Value  Global                              Global Defined In Module
      -----  --------------------------------   ------------------------
C:   0000235B  A$LCD_Functions_Functions$406      LCD_Functions
C:   0000235D  A$LCD_Functions_Functions$407      LCD_Functions
C:   0000235E  A$LCD_Functions_Functions$410      LCD_Functions
C:   0000235E  C$LCD_Functions.c$66$1_0$32        LCD_Functions
C:   00002361  A$LCD_Functions_Functions$411      LCD_Functions
C:   00002362  A$LCD_Functions_Functions$412      LCD_Functions
C:   00002364  A$LCD_Functions_Functions$413      LCD_Functions
C:   00002367  A$LCD_Functions_Functions$416      LCD_Functions
C:   00002367  C$LCD_Functions.c$67$1_0$32        LCD_Functions
C:   0000236A  A$LCD_Functions_Functions$417      LCD_Functions
C:   0000236C  A$LCD_Functions_Functions$418      LCD_Functions
C:   0000236D  A$LCD_Functions_Functions$421      LCD_Functions
C:   0000236D  C$LCD_Functions.c$69$1_0$32        LCD_Functions
C:   00002370  A$LCD_Functions_Functions$424      LCD_Functions
C:   00002370  C$LCD_Functions.c$71$1_0$32        LCD_Functions
C:   00002373  A$LCD_Functions_Functions$425      LCD_Functions
C:   00002375  A$LCD_Functions_Functions$426      LCD_Functions
C:   00002376  A$LCD_Functions_Functions$429      LCD_Functions
C:   00002376  C$LCD_Functions.c$73$1_0$32        LCD_Functions
C:   00002379  A$LCD_Functions_Functions$432      LCD_Functions
C:   00002379  C$LCD_Functions.c$75$1_0$32        LCD_Functions
C:   0000237C  A$LCD_Functions_Functions$433      LCD_Functions
C:   0000237E  A$LCD_Functions_Functions$434      LCD_Functions
C:   0000237F  A$LCD_Functions_Functions$437      LCD_Functions
C:   0000237F  C$LCD_Functions.c$77$1_0$32        LCD_Functions
C:   00002382  A$LCD_Functions_Functions$440      LCD_Functions
C:   00002382  C$LCD_Functions.c$79$1_0$32        LCD_Functions
C:   00002385  A$LCD_Functions_Functions$441      LCD_Functions
C:   00002387  A$LCD_Functions_Functions$442      LCD_Functions
C:   00002388  A$LCD_Functions_Functions$445      LCD_Functions
C:   00002388  C$LCD_Functions.c$81$1_0$32        LCD_Functions
C:   0000238B  A$LCD_Functions_Functions$448      LCD_Functions
C:   0000238B  C$LCD_Functions.c$83$1_0$32        LCD_Functions
C:   0000238E  A$LCD_Functions_Functions$449      LCD_Functions
C:   00002390  A$LCD_Functions_Functions$450      LCD_Functions
C:   00002391  A$LCD_Functions_Functions$453      LCD_Functions
C:   00002391  C$LCD_Functions.c$85$1_0$32        LCD_Functions
C:   00002394  A$LCD_Functions_Functions$456      LCD_Functions
C:   00002394  C$LCD_Functions.c$87$1_0$32        LCD_Functions
C:   00002397  A$LCD_Functions_Functions$457      LCD_Functions
C:   00002399  A$LCD_Functions_Functions$458      LCD_Functions
C:   0000239A  A$LCD_Functions_Functions$463      LCD_Functions
C:   0000239A  C$LCD_Functions.c$88$1_0$32        LCD_Functions
C:   0000239A  XG$LCD_Init$0$0                    LCD_Functions
C:   0000239B  A$LCD_Functions_Functions$476      LCD_Functions
C:   0000239B  C$LCD_Functions.c$95$1_0$34        LCD_Functions
C:   0000239B  G$LCD_putch$0$0                    LCD_Functions
C:   0000239B  _LCD_putch                         LCD_Functions
C:   0000239D  A$LCD_Functions_Functions$477      LCD_Functions
C:   000023A0  A$LCD_Functions_Functions$478      LCD_Functions
C:   000023A1  A$LCD_Functions_Functions$481      LCD_Functions
ASxxxx Linker V03.00 + NoICE + sdld,  page 28.
Hexadecimal  [32-Bits]

Area                                    Addr        Size        Decimal Bytes (Attributes)
--------------------------------        ----        ----        ------- ----- ------------
CSEG                                0000226D    000017FE =        6142. bytes (REL,CON,CODE)

      Value  Global                              Global Defined In Module
      -----  --------------------------------   ------------------------
C:   000023A1  C$LCD_Functions.c$97$1_0$34        LCD_Functions
C:   000023A4  A$LCD_Functions_Functions$484      LCD_Functions
C:   000023A4  C$LCD_Functions.c$98$1_0$34        LCD_Functions
C:   000023A7  A$LCD_Functions_Functions$485      LCD_Functions
C:   000023A8  A$LCD_Functions_Functions$486      LCD_Functions
C:   000023AB  A$LCD_Functions_Functions$487      LCD_Functions
C:   000023AC  A$LCD_Functions_Functions$492      LCD_Functions
C:   000023AC  C$LCD_Functions.c$99$1_0$34        LCD_Functions
C:   000023AC  XG$LCD_putch$0$0                   LCD_Functions
C:   000023AD  A$LCD_Functions_Functions$505      LCD_Functions
C:   000023AD  C$LCD_Functions.c$106$1_0$36       LCD_Functions
C:   000023AD  G$LCD_putstr$0$0                   LCD_Functions
C:   000023AD  _LCD_putstr                        LCD_Functions
C:   000023AF  A$LCD_Functions_Functions$506      LCD_Functions
C:   000023B1  A$LCD_Functions_Functions$507      LCD_Functions
C:   000023B4  A$LCD_Functions_Functions$508      LCD_Functions
C:   000023B5  A$LCD_Functions_Functions$509      LCD_Functions
C:   000023B6  A$LCD_Functions_Functions$510      LCD_Functions
C:   000023B7  A$LCD_Functions_Functions$511      LCD_Functions
C:   000023B8  A$LCD_Functions_Functions$514      LCD_Functions
C:   000023B8  C$LCD_Functions.c$108$1_0$36       LCD_Functions
C:   000023BB  A$LCD_Functions_Functions$515      LCD_Functions
C:   000023BC  A$LCD_Functions_Functions$516      LCD_Functions
C:   000023BD  A$LCD_Functions_Functions$517      LCD_Functions
C:   000023BE  A$LCD_Functions_Functions$518      LCD_Functions
C:   000023BF  A$LCD_Functions_Functions$519      LCD_Functions
C:   000023C0  A$LCD_Functions_Functions$521      LCD_Functions
C:   000023C2  A$LCD_Functions_Functions$522      LCD_Functions
C:   000023C4  A$LCD_Functions_Functions$523      LCD_Functions
C:   000023C5  A$LCD_Functions_Functions$524      LCD_Functions
C:   000023C7  A$LCD_Functions_Functions$525      LCD_Functions
C:   000023CA  A$LCD_Functions_Functions$529      LCD_Functions
C:   000023CA  C$LCD_Functions.c$110$2_0$37       LCD_Functions
C:   000023CC  A$LCD_Functions_Functions$530      LCD_Functions
C:   000023CE  A$LCD_Functions_Functions$531      LCD_Functions
C:   000023D1  A$LCD_Functions_Functions$532      LCD_Functions
C:   000023D3  A$LCD_Functions_Functions$533      LCD_Functions
C:   000023D5  A$LCD_Functions_Functions$536      LCD_Functions
C:   000023D5  C$LCD_Functions.c$111$2_0$37       LCD_Functions
C:   000023D7  A$LCD_Functions_Functions$537      LCD_Functions
C:   000023D9  A$LCD_Functions_Functions$538      LCD_Functions
C:   000023DA  A$LCD_Functions_Functions$539      LCD_Functions
C:   000023DB  A$LCD_Functions_Functions$540      LCD_Functions
C:   000023DC  A$LCD_Functions_Functions$541      LCD_Functions
C:   000023DE  A$LCD_Functions_Functions$542      LCD_Functions
C:   000023E0  A$LCD_Functions_Functions$543      LCD_Functions
C:   000023E3  A$LCD_Functions_Functions$544      LCD_Functions
C:   000023E4  A$LCD_Functions_Functions$545      LCD_Functions
C:   000023E5  A$LCD_Functions_Functions$546      LCD_Functions
C:   000023E6  A$LCD_Functions_Functions$547      LCD_Functions
C:   000023E7  A$LCD_Functions_Functions$548      LCD_Functions
ASxxxx Linker V03.00 + NoICE + sdld,  page 29.
Hexadecimal  [32-Bits]

Area                                    Addr        Size        Decimal Bytes (Attributes)
--------------------------------        ----        ----        ------- ----- ------------
CSEG                                0000226D    000017FE =        6142. bytes (REL,CON,CODE)

      Value  Global                              Global Defined In Module
      -----  --------------------------------   ------------------------
C:   000023E8  A$LCD_Functions_Functions$549      LCD_Functions
C:   000023EA  A$LCD_Functions_Functions$550      LCD_Functions
C:   000023EC  A$LCD_Functions_Functions$551      LCD_Functions
C:   000023EE  A$LCD_Functions_Functions$552      LCD_Functions
C:   000023F1  A$LCD_Functions_Functions$553      LCD_Functions
C:   000023F3  A$LCD_Functions_Functions$554      LCD_Functions
C:   000023F5  A$LCD_Functions_Functions$557      LCD_Functions
C:   000023F5  C$LCD_Functions.c$112$2_0$37       LCD_Functions
C:   000023F8  A$LCD_Functions_Functions$558      LCD_Functions
C:   000023F9  A$LCD_Functions_Functions$559      LCD_Functions
C:   000023FA  A$LCD_Functions_Functions$560      LCD_Functions
C:   000023FB  A$LCD_Functions_Functions$561      LCD_Functions
C:   000023FC  A$LCD_Functions_Functions$562      LCD_Functions
C:   000023FD  A$LCD_Functions_Functions$563      LCD_Functions
C:   00002400  A$LCD_Functions_Functions$564      LCD_Functions
C:   00002402  A$LCD_Functions_Functions$565      LCD_Functions
C:   00002403  A$LCD_Functions_Functions$566      LCD_Functions
C:   00002404  A$LCD_Functions_Functions$567      LCD_Functions
C:   00002405  A$LCD_Functions_Functions$568      LCD_Functions
C:   00002406  A$LCD_Functions_Functions$569      LCD_Functions
C:   00002407  A$LCD_Functions_Functions$570      LCD_Functions
C:   00002408  A$LCD_Functions_Functions$573      LCD_Functions
C:   00002408  C$LCD_Functions.c$113$2_0$37       LCD_Functions
C:   0000240B  A$LCD_Functions_Functions$574      LCD_Functions
C:   0000240C  A$LCD_Functions_Functions$575      LCD_Functions
C:   0000240D  A$LCD_Functions_Functions$576      LCD_Functions
C:   0000240E  A$LCD_Functions_Functions$577      LCD_Functions
C:   0000240F  A$LCD_Functions_Functions$578      LCD_Functions
C:   00002410  A$LCD_Functions_Functions$579      LCD_Functions
C:   00002413  A$LCD_Functions_Functions$580      LCD_Functions
C:   00002416  A$LCD_Functions_Functions$583      LCD_Functions
C:   00002416  C$LCD_Functions.c$115$3_0$38       LCD_Functions
C:   00002419  A$LCD_Functions_Functions$584      LCD_Functions
C:   0000241A  A$LCD_Functions_Functions$585      LCD_Functions
C:   0000241B  A$LCD_Functions_Functions$586      LCD_Functions
C:   0000241C  A$LCD_Functions_Functions$587      LCD_Functions
C:   0000241D  A$LCD_Functions_Functions$588      LCD_Functions
C:   0000241E  A$LCD_Functions_Functions$589      LCD_Functions
C:   00002421  A$LCD_Functions_Functions$590      LCD_Functions
C:   00002423  A$LCD_Functions_Functions$591      LCD_Functions
C:   00002424  A$LCD_Functions_Functions$592      LCD_Functions
C:   00002425  A$LCD_Functions_Functions$593      LCD_Functions
C:   00002426  A$LCD_Functions_Functions$594      LCD_Functions
C:   00002427  A$LCD_Functions_Functions$595      LCD_Functions
C:   00002428  A$LCD_Functions_Functions$596      LCD_Functions
C:   00002429  A$LCD_Functions_Functions$599      LCD_Functions
C:   00002429  C$LCD_Functions.c$116$3_0$38       LCD_Functions
C:   0000242C  A$LCD_Functions_Functions$600      LCD_Functions
C:   0000242D  A$LCD_Functions_Functions$601      LCD_Functions
C:   0000242E  A$LCD_Functions_Functions$602      LCD_Functions
C:   0000242F  A$LCD_Functions_Functions$603      LCD_Functions
ASxxxx Linker V03.00 + NoICE + sdld,  page 30.
Hexadecimal  [32-Bits]

Area                                    Addr        Size        Decimal Bytes (Attributes)
--------------------------------        ----        ----        ------- ----- ------------
CSEG                                0000226D    000017FE =        6142. bytes (REL,CON,CODE)

      Value  Global                              Global Defined In Module
      -----  --------------------------------   ------------------------
C:   00002430  A$LCD_Functions_Functions$606      LCD_Functions
C:   00002430  C$LCD_Functions.c$117$3_0$38       LCD_Functions
C:   00002433  A$LCD_Functions_Functions$607      LCD_Functions
C:   00002434  A$LCD_Functions_Functions$608      LCD_Functions
C:   00002435  A$LCD_Functions_Functions$609      LCD_Functions
C:   00002436  A$LCD_Functions_Functions$610      LCD_Functions
C:   00002437  A$LCD_Functions_Functions$611      LCD_Functions
C:   0000243A  A$LCD_Functions_Functions$612      LCD_Functions
C:   0000243B  A$LCD_Functions_Functions$613      LCD_Functions
C:   0000243C  A$LCD_Functions_Functions$614      LCD_Functions
C:   0000243D  A$LCD_Functions_Functions$615      LCD_Functions
C:   0000243E  A$LCD_Functions_Functions$616      LCD_Functions
C:   00002441  A$LCD_Functions_Functions$617      LCD_Functions
C:   00002442  A$LCD_Functions_Functions$618      LCD_Functions
C:   00002443  A$LCD_Functions_Functions$619      LCD_Functions
C:   00002445  A$LCD_Functions_Functions$620      LCD_Functions
C:   00002447  A$LCD_Functions_Functions$621      LCD_Functions
C:   00002449  A$LCD_Functions_Functions$622      LCD_Functions
C:   0000244C  A$LCD_Functions_Functions$623      LCD_Functions
C:   0000244E  A$LCD_Functions_Functions$624      LCD_Functions
C:   00002450  A$LCD_Functions_Functions$625      LCD_Functions
C:   00002453  A$LCD_Functions_Functions$627      LCD_Functions
C:   00002456  A$LCD_Functions_Functions$628      LCD_Functions
C:   00002457  A$LCD_Functions_Functions$629      LCD_Functions
C:   00002458  A$LCD_Functions_Functions$630      LCD_Functions
C:   00002459  A$LCD_Functions_Functions$631      LCD_Functions
C:   0000245A  A$LCD_Functions_Functions$632      LCD_Functions
C:   0000245B  A$LCD_Functions_Functions$637      LCD_Functions
C:   0000245B  C$LCD_Functions.c$120$1_0$36       LCD_Functions
C:   0000245B  XG$LCD_putstr$0$0                  LCD_Functions
C:   0000245C  A$LCD_Functions_Functions$650      LCD_Functions
C:   0000245C  C$LCD_Functions.c$127$1_0$40       LCD_Functions
C:   0000245C  C$LCD_Functions.c$128$1_0$40       LCD_Functions
C:   0000245C  G$lcd_clear$0$0                    LCD_Functions
C:   0000245C  _lcd_clear                         LCD_Functions
C:   0000245F  A$LCD_Functions_Functions$653      LCD_Functions
C:   0000245F  C$LCD_Functions.c$129$1_0$40       LCD_Functions
C:   00002462  A$LCD_Functions_Functions$654      LCD_Functions
C:   00002464  A$LCD_Functions_Functions$655      LCD_Functions
C:   00002465  A$LCD_Functions_Functions$660      LCD_Functions
C:   00002465  C$LCD_Functions.c$130$1_0$40       LCD_Functions
C:   00002465  XG$lcd_clear$0$0                   LCD_Functions
C:   00002466  A$LCD_Functions_Functions$673      LCD_Functions
C:   00002466  C$LCD_Functions.c$136$1_0$42       LCD_Functions
C:   00002466  G$lcd_gotoaddr$0$0                 LCD_Functions
C:   00002466  _lcd_gotoaddr                      LCD_Functions
C:   00002468  A$LCD_Functions_Functions$674      LCD_Functions
C:   0000246B  A$LCD_Functions_Functions$675      LCD_Functions
C:   0000246C  A$LCD_Functions_Functions$678      LCD_Functions
C:   0000246C  C$LCD_Functions.c$138$1_0$42       LCD_Functions
C:   0000246F  A$LCD_Functions_Functions$681      LCD_Functions
ASxxxx Linker V03.00 + NoICE + sdld,  page 31.
Hexadecimal  [32-Bits]

Area                                    Addr        Size        Decimal Bytes (Attributes)
--------------------------------        ----        ----        ------- ----- ------------
CSEG                                0000226D    000017FE =        6142. bytes (REL,CON,CODE)

      Value  Global                              Global Defined In Module
      -----  --------------------------------   ------------------------
C:   0000246F  C$LCD_Functions.c$139$1_0$42       LCD_Functions
C:   00002472  A$LCD_Functions_Functions$682      LCD_Functions
C:   00002473  A$LCD_Functions_Functions$683      LCD_Functions
C:   00002476  A$LCD_Functions_Functions$684      LCD_Functions
C:   00002478  A$LCD_Functions_Functions$685      LCD_Functions
C:   00002479  A$LCD_Functions_Functions$690      LCD_Functions
C:   00002479  C$LCD_Functions.c$140$1_0$42       LCD_Functions
C:   00002479  XG$lcd_gotoaddr$0$0                LCD_Functions
C:   0000247A  A$LCD_Functions_Functions$704      LCD_Functions
C:   0000247A  C$LCD_Functions.c$146$1_0$44       LCD_Functions
C:   0000247A  G$lcd_gotoxy$0$0                   LCD_Functions
C:   0000247A  _lcd_gotoxy                        LCD_Functions
C:   0000247C  A$LCD_Functions_Functions$705      LCD_Functions
C:   0000247F  A$LCD_Functions_Functions$706      LCD_Functions
C:   00002480  A$LCD_Functions_Functions$709      LCD_Functions
C:   00002480  C$LCD_Functions.c$147$1_0$44       LCD_Functions
C:   00002483  A$LCD_Functions_Functions$710      LCD_Functions
C:   00002484  A$LCD_Functions_Functions$711      LCD_Functions
C:   00002485  A$LCD_Functions_Functions$712      LCD_Functions
C:   00002488  A$LCD_Functions_Functions$713      LCD_Functions
C:   00002489  A$LCD_Functions_Functions$714      LCD_Functions
C:   0000248A  A$LCD_Functions_Functions$715      LCD_Functions
C:   0000248B  A$LCD_Functions_Functions$716      LCD_Functions
C:   0000248C  A$LCD_Functions_Functions$719      LCD_Functions
C:   0000248C  C$LCD_Functions.c$148$1_0$44       LCD_Functions
C:   0000248F  A$LCD_Functions_Functions$720      LCD_Functions
C:   00002490  A$LCD_Functions_Functions$721      LCD_Functions
C:   00002491  A$LCD_Functions_Functions$722      LCD_Functions
C:   00002494  A$LCD_Functions_Functions$723      LCD_Functions
C:   00002495  A$LCD_Functions_Functions$724      LCD_Functions
C:   00002496  A$LCD_Functions_Functions$725      LCD_Functions
C:   00002497  A$LCD_Functions_Functions$726      LCD_Functions
C:   00002498  A$LCD_Functions_Functions$729      LCD_Functions
C:   00002498  C$LCD_Functions.c$149$1_0$44       LCD_Functions
C:   0000249B  A$LCD_Functions_Functions$730      LCD_Functions
C:   0000249D  A$LCD_Functions_Functions$732      LCD_Functions
C:   000024A0  A$LCD_Functions_Functions$733      LCD_Functions
C:   000024A2  A$LCD_Functions_Functions$735      LCD_Functions
C:   000024A5  A$LCD_Functions_Functions$736      LCD_Functions
C:   000024A7  A$LCD_Functions_Functions$740      LCD_Functions
C:   000024A7  C$LCD_Functions.c$151$2_0$45       LCD_Functions
C:   000024AA  A$LCD_Functions_Functions$741      LCD_Functions
C:   000024AC  A$LCD_Functions_Functions$743      LCD_Functions
C:   000024AE  A$LCD_Functions_Functions$744      LCD_Functions
C:   000024B1  A$LCD_Functions_Functions$749      LCD_Functions
C:   000024B1  C$LCD_Functions.c$152$2_0$45       LCD_Functions
C:   000024B1  C$LCD_Functions.c$153$2_0$45       LCD_Functions
C:   000024B3  A$LCD_Functions_Functions$751      LCD_Functions
C:   000024B5  A$LCD_Functions_Functions$752      LCD_Functions
C:   000024B7  A$LCD_Functions_Functions$753      LCD_Functions
C:   000024B8  A$LCD_Functions_Functions$754      LCD_Functions
ASxxxx Linker V03.00 + NoICE + sdld,  page 32.
Hexadecimal  [32-Bits]

Area                                    Addr        Size        Decimal Bytes (Attributes)
--------------------------------        ----        ----        ------- ----- ------------
CSEG                                0000226D    000017FE =        6142. bytes (REL,CON,CODE)

      Value  Global                              Global Defined In Module
      -----  --------------------------------   ------------------------
C:   000024BA  A$LCD_Functions_Functions$755      LCD_Functions
C:   000024BD  A$LCD_Functions_Functions$760      LCD_Functions
C:   000024BD  C$LCD_Functions.c$154$2_0$45       LCD_Functions
C:   000024BD  C$LCD_Functions.c$155$2_0$45       LCD_Functions
C:   000024BF  A$LCD_Functions_Functions$762      LCD_Functions
C:   000024C1  A$LCD_Functions_Functions$763      LCD_Functions
C:   000024C3  A$LCD_Functions_Functions$764      LCD_Functions
C:   000024C4  A$LCD_Functions_Functions$765      LCD_Functions
C:   000024C6  A$LCD_Functions_Functions$766      LCD_Functions
C:   000024C9  A$LCD_Functions_Functions$771      LCD_Functions
C:   000024C9  C$LCD_Functions.c$156$2_0$45       LCD_Functions
C:   000024C9  C$LCD_Functions.c$157$2_0$45       LCD_Functions
C:   000024CB  A$LCD_Functions_Functions$773      LCD_Functions
C:   000024CD  A$LCD_Functions_Functions$774      LCD_Functions
C:   000024CE  A$LCD_Functions_Functions$775      LCD_Functions
C:   000024D0  A$LCD_Functions_Functions$776      LCD_Functions
C:   000024D3  A$LCD_Functions_Functions$784      LCD_Functions
C:   000024D3  C$LCD_Functions.c$161$1_0$44       LCD_Functions
C:   000024D3  C$LCD_Functions.c$162$1_0$44       LCD_Functions
C:   000024D3  XG$lcd_gotoxy$0$0                  LCD_Functions
C:   000024D4  A$LCD_Functions_Functions$801      LCD_Functions
C:   000024D4  C$LCD_Functions.c$168$1_0$46       LCD_Functions
C:   000024D4  C$LCD_Functions.c$171$1_0$46       LCD_Functions
C:   000024D4  G$ddram_dump$0$0                   LCD_Functions
C:   000024D4  _ddram_dump                        LCD_Functions
C:   000024D7  A$LCD_Functions_Functions$802      LCD_Functions
C:   000024D9  A$LCD_Functions_Functions$803      LCD_Functions
C:   000024DA  A$LCD_Functions_Functions$806      LCD_Functions
C:   000024DA  C$LCD_Functions.c$172$1_0$46       LCD_Functions
C:   000024DD  A$LCD_Functions_Functions$809      LCD_Functions
C:   000024DD  C$LCD_Functions.c$173$1_0$46       LCD_Functions
C:   000024E0  A$LCD_Functions_Functions$810      LCD_Functions
C:   000024E1  A$LCD_Functions_Functions$813      LCD_Functions
C:   000024E4  A$LCD_Functions_Functions$814      LCD_Functions
C:   000024E5  A$LCD_Functions_Functions$815      LCD_Functions
C:   000024E6  A$LCD_Functions_Functions$817      LCD_Functions
C:   000024E9  A$LCD_Functions_Functions$818      LCD_Functions
C:   000024EA  A$LCD_Functions_Functions$819      LCD_Functions
C:   000024EB  A$LCD_Functions_Functions$820      LCD_Functions
C:   000024EE  A$LCD_Functions_Functions$822      LCD_Functions
C:   000024F0  A$LCD_Functions_Functions$825      LCD_Functions
C:   000024F0  C$LCD_Functions.c$175$3_0$48       LCD_Functions
C:   000024F2  A$LCD_Functions_Functions$826      LCD_Functions
C:   000024F4  A$LCD_Functions_Functions$827      LCD_Functions
C:   000024F6  A$LCD_Functions_Functions$828      LCD_Functions
C:   000024F8  A$LCD_Functions_Functions$829      LCD_Functions
C:   000024FB  A$LCD_Functions_Functions$830      LCD_Functions
C:   000024FD  A$LCD_Functions_Functions$831      LCD_Functions
C:   000024FF  A$LCD_Functions_Functions$834      LCD_Functions
C:   00002502  A$LCD_Functions_Functions$835      LCD_Functions
C:   00002503  A$LCD_Functions_Functions$836      LCD_Functions
ASxxxx Linker V03.00 + NoICE + sdld,  page 33.
Hexadecimal  [32-Bits]

Area                                    Addr        Size        Decimal Bytes (Attributes)
--------------------------------        ----        ----        ------- ----- ------------
CSEG                                0000226D    000017FE =        6142. bytes (REL,CON,CODE)

      Value  Global                              Global Defined In Module
      -----  --------------------------------   ------------------------
C:   00002504  A$LCD_Functions_Functions$838      LCD_Functions
C:   00002507  A$LCD_Functions_Functions$839      LCD_Functions
C:   00002508  A$LCD_Functions_Functions$840      LCD_Functions
C:   00002509  A$LCD_Functions_Functions$841      LCD_Functions
C:   0000250C  A$LCD_Functions_Functions$843      LCD_Functions
C:   0000250E  A$LCD_Functions_Functions$846      LCD_Functions
C:   0000250E  C$LCD_Functions.c$177$5_0$50       LCD_Functions
C:   00002511  A$LCD_Functions_Functions$849      LCD_Functions
C:   00002511  C$LCD_Functions.c$178$5_0$50       LCD_Functions
C:   00002514  A$LCD_Functions_Functions$850      LCD_Functions
C:   00002515  A$LCD_Functions_Functions$851      LCD_Functions
C:   00002516  A$LCD_Functions_Functions$854      LCD_Functions
C:   00002516  C$LCD_Functions.c$179$5_0$50       LCD_Functions
C:   00002518  A$LCD_Functions_Functions$855      LCD_Functions
C:   0000251A  A$LCD_Functions_Functions$856      LCD_Functions
C:   0000251C  A$LCD_Functions_Functions$857      LCD_Functions
C:   0000251E  A$LCD_Functions_Functions$858      LCD_Functions
C:   00002520  A$LCD_Functions_Functions$859      LCD_Functions
C:   00002522  A$LCD_Functions_Functions$860      LCD_Functions
C:   00002524  A$LCD_Functions_Functions$861      LCD_Functions
C:   00002526  A$LCD_Functions_Functions$862      LCD_Functions
C:   00002528  A$LCD_Functions_Functions$863      LCD_Functions
C:   0000252B  A$LCD_Functions_Functions$864      LCD_Functions
C:   0000252D  A$LCD_Functions_Functions$865      LCD_Functions
C:   0000252F  A$LCD_Functions_Functions$866      LCD_Functions
C:   00002531  A$LCD_Functions_Functions$869      LCD_Functions
C:   00002531  C$LCD_Functions.c$176$4_0$49       LCD_Functions
C:   00002534  A$LCD_Functions_Functions$870      LCD_Functions
C:   00002535  A$LCD_Functions_Functions$871      LCD_Functions
C:   00002536  A$LCD_Functions_Functions$872      LCD_Functions
C:   00002537  A$LCD_Functions_Functions$873      LCD_Functions
C:   00002539  A$LCD_Functions_Functions$877      LCD_Functions
[...]
C:   00002B90  A$mainDebug\main$1971              main
C:   00002B93  A$mainDebug\main$1972              main
C:   00002B95  A$mainDebug\main$1973              main
C:   00002B97  A$mainDebug\main$1978              main
C:   00002B97  C$main.c$190$3_1$43                main
C:   00002B97  C$main.c$191$3_1$43                main
C:   00002B99  A$mainDebug\main$1980              main
C:   00002B9C  A$mainDebug\main$1983              main
C:   00002B9C  C$main.c$192$3_1$43                main
C:   00002B9F  A$mainDebug\main$1988              main
C:   00002B9F  C$main.c$193$3_1$43                main
C:   00002B9F  C$main.c$196$3_1$43                main
C:   00002BA1  A$mainDebug\main$1990              main
C:   00002BA4  A$mainDebug\main$1995              main
C:   00002BA4  C$main.c$197$3_1$43                main
ASxxxx Linker V03.00 + NoICE + sdld,  page 53.
Hexadecimal  [32-Bits]

Area                                    Addr        Size        Decimal Bytes (Attributes)
--------------------------------        ----        ----        ------- ----- ------------
CSEG                                0000226D    000017FE =        6142. bytes (REL,CON,CODE)

      Value  Global                              Global Defined In Module
      -----  --------------------------------   ------------------------
C:   00002BA4  C$main.c$198$3_1$43                main
C:   00002BA6  A$mainDebug\main$1997              main
C:   00002BA8  A$mainDebug\main$1998              main
C:   00002BAA  A$mainDebug\main$1999              main
C:   00002BAC  A$mainDebug\main$2000              main
C:   00002BAE  A$mainDebug\main$2001              main
C:   00002BB1  A$mainDebug\main$2002              main
C:   00002BB3  A$mainDebug\main$2003              main
C:   00002BB5  A$mainDebug\main$2009              main
C:   00002BB5  C$main.c$202$1_1$35                main
C:   00002BB5  C$main.c$203$1_1$35                main
C:   00002BB8  A$mainDebug\main$2010              main
C:   00002BB9  A$mainDebug\main$2011              main
C:   00002BBA  A$mainDebug\main$2012              main
C:   00002BBD  A$mainDebug\main$2013              main
C:   00002BBF  A$mainDebug\main$2015              main
C:   00002BC2  A$mainDebug\main$2021              main
C:   00002BC2  C$main.c$204$1_1$34                main
C:   00002BC2  XG$main$0$0                        main
C:   00002BC3  A$Timerebug\Timer$718              Timer
C:   00002BC3  C$Timer.c$22$0_0$10                Timer
C:   00002BC3  C$Timer.c$25$1_0$10                Timer
C:   00002BC3  Fmain$__str_1$0_0$0                main
C:   00002BC3  Fmain$__str_12$0_0$0               main
C:   00002BC3  Fmain$__str_13$0_0$0               main
C:   00002BC3  Fmain$__str_14$0_0$0               main
C:   00002BC3  Fmain$__str_15$0_0$0               main
C:   00002BC3  Fmain$__str_16$0_0$0               main
C:   00002BC3  Fmain$__str_17$0_0$0               main
C:   00002BC3  Fmain$__str_18$0_0$0               main
C:   00002BC3  Fmain$__str_19$0_0$0               main
C:   00002BC3  Fmain$__str_2$0_0$0                main
C:   00002BC3  Fmain$__str_20$0_0$0               main
C:   00002BC3  Fmain$__str_21$0_0$0               main
C:   00002BC3  Fmain$__str_22$0_0$0               main
C:   00002BC3  Fmain$__str_23$0_0$0               main
C:   00002BC3  Fmain$__str_24$0_0$0               main
C:   00002BC3  Fmain$__str_25$0_0$0               main
C:   00002BC3  Fmain$__str_26$0_0$0               main
C:   00002BC3  Fmain$__str_27$0_0$0               main
C:   00002BC3  Fmain$__str_28$0_0$0               main
C:   00002BC3  Fmain$__str_29$0_0$0               main
C:   00002BC3  Fmain$__str_3$0_0$0                main
C:   00002BC3  Fmain$__str_30$0_0$0               main
C:   00002BC3  Fmain$__str_31$0_0$0               main
C:   00002BC3  Fmain$__str_32$0_0$0               main
C:   00002BC3  Fmain$__str_33$0_0$0               main
C:   00002BC3  Fmain$__str_34$0_0$0               main
C:   00002BC3  Fmain$__str_4$0_0$0                main
C:   00002BC3  Fmain$__str_5$0_0$0                main
C:   00002BC3  Fmain$__str_6$0_0$0                main
ASxxxx Linker V03.00 + NoICE + sdld,  page 54.
Hexadecimal  [32-Bits]

Area                                    Addr        Size        Decimal Bytes (Attributes)
--------------------------------        ----        ----        ------- ----- ------------
CSEG                                0000226D    000017FE =        6142. bytes (REL,CON,CODE)

      Value  Global                              Global Defined In Module
      -----  --------------------------------   ------------------------
C:   00002BC3  Fmain$__str_7$0_0$0                main
C:   00002BC3  Fmain$__str_8$0_0$0                main
C:   00002BC3  Fmain$__str_9$0_0$0                main
C:   00002BC3  G$timer_init$0$0                   Timer
C:   00002BC3  _timer_init                        Timer
C:   00002BC6  A$Timerebug\Timer$721              Timer
C:   00002BC6  C$Timer.c$27$1_0$10                Timer
C:   00002BC9  A$Timerebug\Timer$724              Timer
C:   00002BC9  C$Timer.c$28$1_0$10                Timer
C:   00002BCC  A$Timerebug\Timer$728              Timer
C:   00002BCC  C$Timer.c$29$1_0$10                Timer
C:   00002BCE  A$Timerebug\Timer$731              Timer
C:   00002BCE  C$Timer.c$30$1_0$10                Timer
C:   00002BD0  A$Timerebug\Timer$732              Timer
C:   00002BD2  A$Timerebug\Timer$734              Timer
C:   00002BD3  A$Timerebug\Timer$735              Timer
C:   00002BD5  A$Timerebug\Timer$736              Timer
C:   00002BD7  A$Timerebug\Timer$739              Timer
C:   00002BD7  C$Timer.c$31$1_0$10                Timer
C:   00002BD9  A$Timerebug\Timer$740              Timer
C:   00002BDB  A$Timerebug\Timer$742              Timer
C:   00002BDC  A$Timerebug\Timer$743              Timer
C:   00002BDE  A$Timerebug\Timer$744              Timer
C:   00002BE0  A$Timerebug\Timer$749              Timer
C:   00002BE0  C$Timer.c$32$1_0$10                Timer
C:   00002BE0  XG$timer_init$0$0                  Timer
C:   00002BE1  A$Timerebug\Timer$765              Timer
C:   00002BE1  C$Timer.c$38$1_0$12                Timer
C:   00002BE1  G$inttostr$0$0                     Timer
C:   00002BE1  _inttostr                          Timer
C:   00002BE3  A$Timerebug\Timer$766              Timer
C:   00002BE6  A$Timerebug\Timer$767              Timer
C:   00002BE7  A$Timerebug\Timer$770              Timer
C:   00002BE7  C$Timer.c$40$2_0$13                Timer
C:   00002BE9  A$Timerebug\Timer$772              Timer
C:   00002BEC  A$Timerebug\Timer$773              Timer
C:   00002BED  A$Timerebug\Timer$774              Timer
C:   00002BEE  A$Timerebug\Timer$775              Timer
C:   00002BEF  A$Timerebug\Timer$776              Timer
C:   00002BF1  A$Timerebug\Timer$779              Timer
C:   00002BF1  C$Timer.c$41$2_0$13                Timer
C:   00002BF2  A$Timerebug\Timer$782              Timer
C:   00002BF2  C$Timer.c$42$2_0$13                Timer
C:   00002BF3  A$Timerebug\Timer$783              Timer
C:   00002BF5  A$Timerebug\Timer$784              Timer
C:   00002BF6  A$Timerebug\Timer$785              Timer
C:   00002BF7  A$Timerebug\Timer$786              Timer
C:   00002BF9  A$Timerebug\Timer$787              Timer
C:   00002BFA  A$Timerebug\Timer$788              Timer
C:   00002BFC  A$Timerebug\Timer$789              Timer
C:   00002BFF  A$Timerebug\Timer$790              Timer
ASxxxx Linker V03.00 + NoICE + sdld,  page 55.
Hexadecimal  [32-Bits]

Area                                    Addr        Size        Decimal Bytes (Attributes)
--------------------------------        ----        ----        ------- ----- ------------
CSEG                                0000226D    000017FE =        6142. bytes (REL,CON,CODE)

      Value  Global                              Global Defined In Module
      -----  --------------------------------   ------------------------
C:   00002C01  A$Timerebug\Timer$791              Timer
C:   00002C02  A$Timerebug\Timer$792              Timer
C:   00002C03  A$Timerebug\Timer$793              Timer
C:   00002C04  A$Timerebug\Timer$794              Timer
C:   00002C05  A$Timerebug\Timer$795              Timer
C:   00002C07  A$Timerebug\Timer$796              Timer
C:   00002C09  A$Timerebug\Timer$797              Timer
C:   00002C0B  A$Timerebug\Timer$798              Timer
C:   00002C0D  A$Timerebug\Timer$799              Timer
C:   00002C0F  A$Timerebug\Timer$800              Timer
C:   00002C11  A$Timerebug\Timer$801              Timer
C:   00002C13  A$Timerebug\Timer$802              Timer
C:   00002C16  A$Timerebug\Timer$803              Timer
C:   00002C18  A$Timerebug\Timer$804              Timer
C:   00002C1A  A$Timerebug\Timer$805              Timer
C:   00002C1C  A$Timerebug\Timer$806              Timer
C:   00002C1E  A$Timerebug\Timer$807              Timer
C:   00002C20  A$Timerebug\Timer$808              Timer
C:   00002C22  A$Timerebug\Timer$809              Timer
C:   00002C23  A$Timerebug\Timer$810              Timer
C:   00002C25  A$Timerebug\Timer$811              Timer
C:   00002C27  A$Timerebug\Timer$812              Timer
C:   00002C28  A$Timerebug\Timer$815              Timer
C:   00002C28  C$Timer.c$43$1_0$12                Timer
C:   00002C2B  A$Timerebug\Timer$816              Timer
C:   00002C2D  A$Timerebug\Timer$817              Timer
C:   00002C2E  A$Timerebug\Timer$818              Timer
C:   00002C2F  A$Timerebug\Timer$819              Timer
C:   00002C30  A$Timerebug\Timer$820              Timer
C:   00002C31  A$Timerebug\Timer$821              Timer
C:   00002C33  A$Timerebug\Timer$822              Timer
C:   00002C35  A$Timerebug\Timer$823              Timer
C:   00002C38  A$Timerebug\Timer$824              Timer
C:   00002C3A  A$Timerebug\Timer$825              Timer
C:   00002C3C  A$Timerebug\Timer$826              Timer
C:   00002C3E  A$Timerebug\Timer$827              Timer
C:   00002C41  A$Timerebug\Timer$828              Timer
C:   00002C42  A$Timerebug\Timer$829              Timer
C:   00002C43  A$Timerebug\Timer$830              Timer
C:   00002C45  A$Timerebug\Timer$834              Timer
C:   00002C45  C$Timer.c$45$3_0$15                Timer
C:   00002C47  A$Timerebug\Timer$836              Timer
C:   00002C48  A$Timerebug\Timer$837              Timer
C:   00002C49  A$Timerebug\Timer$838              Timer
C:   00002C4A  A$Timerebug\Timer$839              Timer
C:   00002C4C  A$Timerebug\Timer$842              Timer
C:   00002C4C  C$Timer.c$46$3_0$15                Timer
C:   00002C4D  A$Timerebug\Timer$843              Timer
C:   00002C4F  A$Timerebug\Timer$844              Timer
C:   00002C51  A$Timerebug\Timer$845              Timer
C:   00002C52  A$Timerebug\Timer$846              Timer
ASxxxx Linker V03.00 + NoICE + sdld,  page 56.
Hexadecimal  [32-Bits]

Area                                    Addr        Size        Decimal Bytes (Attributes)
--------------------------------        ----        ----        ------- ----- ------------
CSEG                                0000226D    000017FE =        6142. bytes (REL,CON,CODE)

      Value  Global                              Global Defined In Module
      -----  --------------------------------   ------------------------
C:   00002C54  A$Timerebug\Timer$847              Timer
C:   00002C56  A$Timerebug\Timer$848              Timer
C:   00002C58  A$Timerebug\Timer$849              Timer
C:   00002C59  A$Timerebug\Timer$852              Timer
C:   00002C59  C$Timer.c$45$2_0$14                Timer
C:   00002C5A  A$Timerebug\Timer$853              Timer
C:   00002C5C  A$Timerebug\Timer$857              Timer
C:   00002C5C  C$Timer.c$48$1_0$12                Timer
C:   00002C5F  A$Timerebug\Timer$860              Timer
C:   00002C5F  C$Timer.c$49$1_0$12                Timer
C:   00002C62  A$Timerebug\Timer$861              Timer
C:   00002C65  A$Timerebug\Timer$864              Timer
C:   00002C65  C$Timer.c$50$1_0$12                Timer
C:   00002C68  A$Timerebug\Timer$867              Timer
C:   00002C68  C$Timer.c$51$1_0$12                Timer
C:   00002C6B  A$Timerebug\Timer$868              Timer
C:   00002C6D  A$Timerebug\Timer$869              Timer
C:   00002C6E  A$Timerebug\Timer$874              Timer
C:   00002C6E  C$Timer.c$52$1_0$12                Timer
C:   00002C6E  XG$inttostr$0$0                    Timer
C:   00002C6F  A$UARTDebug\UART$702               UART
C:   00002C6F  C$UART.c$14$0_0$17                 UART
C:   00002C6F  G$putchar$0$0                      UART
C:   00002C6F  _putchar                           UART
C:   00002C71  A$UARTDebug\UART$703               UART
C:   00002C73  A$UARTDebug\UART$704               UART
C:   00002C76  A$UARTDebug\UART$705               UART
C:   00002C77  A$UARTDebug\UART$706               UART
C:   00002C78  A$UARTDebug\UART$707               UART
C:   00002C79  A$UARTDebug\UART$708               UART
C:   00002C7A  A$UARTDebug\UART$715               UART
C:   00002C7A  C$UART.c$16$1_0$17                 UART
C:   00002C7A  C$UART.c$17$1_0$17                 UART
C:   00002C7D  A$UARTDebug\UART$716               UART
C:   00002C7F  A$UARTDebug\UART$720               UART
C:   00002C7F  C$UART.c$18$1_0$17                 UART
C:   00002C82  A$UARTDebug\UART$721               UART
C:   00002C83  A$UARTDebug\UART$722               UART
C:   00002C84  A$UARTDebug\UART$723               UART
C:   00002C85  A$UARTDebug\UART$724               UART
C:   00002C86  A$UARTDebug\UART$725               UART
C:   00002C88  A$UARTDebug\UART$728               UART
C:   00002C88  C$UART.c$19$1_0$17                 UART
C:   00002C8B  A$UARTDebug\UART$733               UART
C:   00002C8B  C$UART.c$20$1_0$17                 UART
C:   00002C8B  XG$putchar$0$0                     UART
C:   00002C8C  A$UARTDebug\UART$747               UART
C:   00002C8C  C$UART.c$26$1_0$18                 UART
C:   00002C8C  C$UART.c$28$1_0$18                 UART
C:   00002C8C  G$getchar$0$0                      UART
C:   00002C8C  _getchar                           UART
ASxxxx Linker V03.00 + NoICE + sdld,  page 57.
Hexadecimal  [32-Bits]

Area                                    Addr        Size        Decimal Bytes (Attributes)
--------------------------------        ----        ----        ------- ----- ------------
CSEG                                0000226D    000017FE =        6142. bytes (REL,CON,CODE)

      Value  Global                              Global Defined In Module
      -----  --------------------------------   ------------------------
C:   00002C8F  A$UARTDebug\UART$750               UART
C:   00002C8F  C$UART.c$30$2_0$19                 UART
C:   00002C92  A$UARTDebug\UART$751               UART
C:   00002C94  A$UARTDebug\UART$756               UART
C:   00002C94  C$UART.c$32$1_0$18                 UART
C:   00002C96  A$UARTDebug\UART$759               UART
C:   00002C96  C$UART.c$33$1_0$18                 UART
C:   00002C98  A$UARTDebug\UART$760               UART
C:   00002C9A  A$UARTDebug\UART$761               UART
C:   00002C9C  A$UARTDebug\UART$762               UART
C:   00002C9E  A$UARTDebug\UART$767               UART
C:   00002C9E  C$UART.c$34$1_0$18                 UART
C:   00002C9E  XG$getchar$0$0                     UART
C:   00002C9F  _printf_tiny                       printf_tiny
C:   00002DA8  __modsint                          _modsint
C:   00002E10  __moduint                          _moduint
C:   00002EBC  __divsint                          _divsint
C:   00002F2E  __divuint                          _divuint
C:   00002FCA  _vprintf                           vprintf
C:   00003009  _printf                            vprintf
C:   00003112  __print_format                     printf_large
C:   00003A13  _strlen                            _strlen
C:   00003A2B  __mulint                           _mulint
C:   00003A4B  __gptrget                          _gptrget
C:   00003A67  __sdcc_external_startup            _startup
ASxxxx Linker V03.00 + NoICE + sdld,  page 58.
Hexadecimal  [32-Bits]

Area                                    Addr        Size        Decimal Bytes (Attributes)
--------------------------------        ----        ----        ------- ----- ------------
CONST                               00003A6B    00000491 =        1169. bytes (REL,CON,CODE)

      Value  Global                              Global Defined In Module
      -----  --------------------------------   ------------------------
C:   00003A6B  FLCD_Functions$__str_0$0_0$0       LCD_Functions
C:   00003A74  Fmain$__str_0$0_0$0                main

ASxxxx Linker V03.00 + NoICE + sdld,  page 59.
Hexadecimal  [32-Bits]

Area                                    Addr        Size        Decimal Bytes (Attributes)
--------------------------------        ----        ----        ------- ----- ------------
XINIT                               00003EFC    00000010 =          16. bytes (REL,CON,CODE)

      Value  Global                              Global Defined In Module
      -----  --------------------------------   ------------------------
C:   00003EFC  FLCD_Functions$__xinit_column_po   LCD_Functions
C:   00003EFE  FLCD_Functions$__xinit_row_pos$0   LCD_Functions
C:   00003F00  Fmain$__xinit_count$0_0$0          main
C:   00003F08  Fmain$__xinit_flag$0_0$0           main
C:   00003F09  Fmain$__xinit_milli$0_0$0          main
C:   00003F0A  Fmain$__xinit_seconds$0_0$0        main
C:   00003F0B  Fmain$__xinit_minutes$0_0$0        main

ASxxxx Linker V03.00 + NoICE + sdld,  page 60.

Files Linked                              [ module(s) ]

obj\Debug\LCD_Functions.rel               [  ]
obj\Debug\main.rel                        [  ]
obj\Debug\Timer.rel                       [  ]
obj\Debug\UART.rel                        [  ]


Libraries Linked                          [ object file ]

C:\Program Files\SDCC\bin\..\lib\large/mcs51.lib
                                          [ crtclear.rel ]
C:\Program Files\SDCC\bin\..\lib\large/mcs51.lib
                                          [ crtxinit.rel ]
C:\Program Files\SDCC\bin\..\lib\large/libsdcc.lib
                                          [ printf_tiny.rel ]
C:\Program Files\SDCC\bin\..\lib\large/libint.lib
                                          [ _modsint.rel ]
C:\Program Files\SDCC\bin\..\lib\large/libint.lib
                                          [ _moduint.rel ]
C:\Program Files\SDCC\bin\..\lib\large/mcs51.lib
                                          [ crtxclear.rel ]
C:\Program Files\SDCC\bin\..\lib\large/libint.lib
                                          [ _divsint.rel ]
C:\Program Files\SDCC\bin\..\lib\large/libint.lib
                                          [ _divuint.rel ]
C:\Program Files\SDCC\bin\..\lib\large/libsdcc.lib
                                          [ _bp.rel ]
C:\Program Files\SDCC\bin\..\lib\large/libsdcc.lib
                                          [ vprintf.rel ]
C:\Program Files\SDCC\bin\..\lib\large/libsdcc.lib
                                          [ printf_large.rel ]
C:\Program Files\SDCC\bin\..\lib\large/mcs51.lib
                                          [ crtpagesfr.rel ]
C:\Program Files\SDCC\bin\..\lib\large/libsdcc.lib
                                          [ _strlen.rel ]
C:\Program Files\SDCC\bin\..\lib\large/libint.lib
                                          [ _mulint.rel ]
C:\Program Files\SDCC\bin\..\lib\large/mcs51.lib
                                          [ crtstart.rel ]
C:\Program Files\SDCC\bin\..\lib\large/libsdcc.lib
                                          [ _gptrget.rel ]
C:\Program Files\SDCC\bin\..\lib\large/libsdcc.lib
                                          [ _startup.rel ]

ASxxxx Linker V03.00 + NoICE + sdld,  page 61.

User Base Address Definitions

HOME = 0x2200
XSEG = 0x0400
PSEG = 0x0400
ISEG = 0x0000
BSEG = 0x0000

